[18116:0913/143146.860:WARNING:notify_icon.cc(60)] Unable to create status tray icon.
[18116:0913/143146.864:WARNING:notify_icon.cc(141)] Error setting status tray icon image
[18116:0913/143146.864:WARNING:notify_icon.cc(157)] Unable to set tooltip for status tray icon
[18116:0913/143147.782:WARNING:notify_icon.cc(157)] Unable to set tooltip for status tray icon
[18116:0913/143148.104:INFO:CONSOLE(306)] "[DB] Loaded persistent workspace database from disk.", source: http://localhost:53049/wallpaper.js?v=2.5.2-teams (306)
[18116:0913/143149.298:WARNING:notify_icon.cc(157)] Unable to set tooltip for status tray icon
[18116:0913/143149.720:INFO:CONSOLE(1)] "[2026-09-13T09:01:49.717Z]  @firebase/firestore: Firestore (10.8.0): enableMultiTabIndexedDbPersistence() will be deprecated in the future, you can use `FirestoreSettings.cache` instead.", source: https://www.gstatic.com/firebasejs/10.8.0/firebase-firestore-compat.js (1)
[18116:0913/143149.721:INFO:CONSOLE(71)] "[FIREBASE] Production Firebase initialized for organization: reddot", source: http://localhost:53049/firebase-service.js?v=2.5.2-teams (71)
[18116:0913/143149.839:INFO:CONSOLE(8177)] "[FIREBASE] Establishing active multi-device real-time cloud subscriptions...", source: http://localhost:53049/wallpaper.js?v=2.5.2-teams (8177)
[18116:0913/143150.809:WARNING:notify_icon.cc(157)] Unable to set tooltip for status tray icon
[18116:0913/143152.329:WARNING:notify_icon.cc(157)] Unable to set tooltip for status tray icon
[18116:0913/143153.837:WARNING:notify_icon.cc(157)] Unable to set tooltip for status tray icon
[18116:0913/143155.336:WARNING:notify_icon.cc(157)] Unable to set tooltip for status tray icon
[18116:0913/143156.847:WARNING:notify_icon.cc(157)] Unable to set tooltip for status tray icon
[18116:0913/143158.359:WARNING:notify_icon.cc(157)] Unable to set tooltip for status tray icon
[18116:0913/143159.861:WARNING:notify_icon.cc(157)] Unable to set tooltip for status tray icon
[18116:0913/143201.368:WARNING:notify_icon.cc(157)] Unable to set tooltip for status tray icon
[18116:0913/143202.876:WARNING:notify_icon.cc(157)] Unable to set tooltip for status tray icon
[18116:0913/143204.390:WARNING:notify_icon.cc(157)] Unable to set tooltip for status tray icon
[18116:0913/143205.894:WARNING:notify_icon.cc(157)] Unable to set tooltip for status tray icon
[18116:0913/143207.402:WARNING:notify_icon.cc(157)] Unable to set tooltip for status tray icon
[18116:0913/143208.904:WARNING:notify_icon.cc(157)] Unable to set tooltip for status tray icon
[18116:0913/143210.418:WARNING:notify_icon.cc(157)] Unable to set tooltip for status tray icon
[18116:0913/143211.924:WARNING:notify_icon.cc(157)] Unable to set tooltip for status tray icon
[18116:0913/143213.440:WARNING:notify_icon.cc(157)] Unable to set tooltip for status tray icon
[18116:0913/143214.950:WARNING:notify_icon.cc(157)] Unable to set tooltip for status tray icon
[18116:0913/143216.464:WARNING:notify_icon.cc(157)] Unable to set tooltip for status tray icon
[18116:0913/143217.966:WARNING:notify_icon.cc(157)] Unable to set tooltip for status tray icon
[18116:0913/143219.476:WARNING:notify_icon.cc(157)] Unable to set tooltip for status tray icon
[18116:0913/143220.985:WARNING:notify_icon.cc(157)] Unable to set tooltip for status tray icon
[18116:0913/143222.492:WARNING:notify_icon.cc(157)] Unable to set tooltip for status tray icon
[18116:0913/143224.004:WARNING:notify_icon.cc(157)] Unable to set tooltip for status tray icon
[18116:0913/143225.512:WARNING:notify_icon.cc(157)] Unable to set tooltip for status tray icon
[18116:0913/143227.030:WARNING:notify_icon.cc(157)] Unable to set tooltip for status tray icon
[18116:0913/143228.532:WARNING:notify_icon.cc(157)] Unable to set tooltip for status tray icon
[18116:0913/143230.035:WARNING:notify_icon.cc(157)] Unable to set tooltip for status tray icon
[18116:0913/143231.542:WARNING:notify_icon.cc(157)] Unable to set tooltip for status tray icon
[18116:0913/143233.043:WARNING:notify_icon.cc(157)] Unable to set tooltip for status tray icon
[18116:0913/143234.557:WARNING:notify_icon.cc(157)] Unable to set tooltip for status tray icon
[18116:0913/143236.062:WARNING:notify_icon.cc(157)] Unable to set tooltip for status tray icon
[18116:0913/143237.570:WARNING:notify_icon.cc(157)] Unable to set tooltip for status tray icon
[18116:0913/143239.071:WARNING:notify_icon.cc(157)] Unable to set tooltip for status tray icon
[18116:0913/143240.582:WARNING:notify_icon.cc(157)] Unable to set tooltip for status tray icon
[18116:0913/143242.089:WARNING:notify_icon.cc(157)] Unable to set tooltip for status tray icon
[18116:0913/143243.595:WARNING:notify_icon.cc(157)] Unable to set tooltip for status tray icon
[18116:0913/143245.112:WARNING:notify_icon.cc(157)] Unable to set tooltip for status tray icon
[18116:0913/143246.626:WARNING:notify_icon.cc(157)] Unable to set tooltip for status tray icon
[18116:0913/143248.144:WARNING:notify_icon.cc(157)] Unable to set tooltip for status tray icon
[18116:0913/143249.649:WARNING:notify_icon.cc(157)] Unable to set tooltip for status tray icon
[18116:0913/143251.146:WARNING:notify_icon.cc(157)] Unable to set tooltip for status tray icon
[18116:0913/143252.652:WARNING:notify_icon.cc(157)] Unable to set tooltip for status tray icon
[18116:0913/143254.163:WARNING:notify_icon.cc(157)] Unable to set tooltip for status tray icon
[18116:0913/143255.669:WARNING:notify_icon.cc(157)] Unable to set tooltip for status tray icon
[18116:0913/143257.183:WARNING:notify_icon.cc(157)] Unable to set tooltip for status tray icon
[18116:0913/143258.686:WARNING:notify_icon.cc(157)] Unable to set tooltip for status tray icon
[18116:0913/143300.190:WARNING:notify_icon.cc(157)] Unable to set tooltip for status tray icon
[18116:0913/143301.691:WARNING:notify_icon.cc(157)] Unable to set tooltip for status tray icon
[18116:0913/143303.205:WARNING:notify_icon.cc(157)] Unable to set tooltip for status tray icon
[18116:0913/143304.712:WARNING:notify_icon.cc(157)] Unable to set tooltip for status tray icon
[18116:0913/143306.212:WARNING:notify_icon.cc(157)] Unable to set tooltip for status tray icon
[18116:0913/143307.717:WARNING:notify_icon.cc(157)] Unable to set tooltip for status tray icon
[18116:0913/143309.236:WARNING:notify_icon.cc(157)] Unable to set tooltip for status tray icon
[18116:0913/143310.745:WARNING:notify_icon.cc(157)] Unable to set tooltip for status tray icon
[18116:0913/143312.247:WARNING:notify_icon.cc(157)] Unable to set tooltip for status tray icon
[18116:0913/143313.750:WARNING:notify_icon.cc(157)] Unable to set tooltip for status tray icon
[18116:0913/143315.258:WARNING:notify_icon.cc(157)] Unable to set tooltip for status tray icon
[18116:0913/143316.766:WARNING:notify_icon.cc(157)] Unable to set tooltip for status tray icon
[18116:0913/143318.274:WARNING:notify_icon.cc(157)] Unable to set tooltip for status tray icon
[18116:0913/143319.793:WARNING:notify_icon.cc(157)] Unable to set tooltip for status tray icon
[18116:0913/143321.293:WARNING:notify_icon.cc(157)] Unable to set tooltip for status tray icon
[18116:0913/143322.803:WARNING:notify_icon.cc(157)] Unable to set tooltip for status tray icon
[18116:0913/143324.313:WARNING:notify_icon.cc(157)] Unable to set tooltip for status tray icon
[18116:0913/143325.816:WARNING:notify_icon.cc(157)] Unable to set tooltip for status tray icon
[18116:0913/143327.316:WARNING:notify_icon.cc(157)] Unable to set tooltip for status tray icon
[18116:0913/143328.834:WARNING:notify_icon.cc(157)] Unable to set tooltip for status tray icon
[18116:0913/143330.338:WARNING:notify_icon.cc(157)] Unable to set tooltip for status tray icon
[18116:0913/143331.852:WARNING:notify_icon.cc(157)] Unable to set tooltip for status tray icon
[18116:0913/143333.364:WARNING:notify_icon.cc(157)] Unable to set tooltip for status tray icon
[18116:0913/143334.881:WARNING:notify_icon.cc(157)] Unable to set tooltip for status tray icon
[18116:0913/143336.382:WARNING:notify_icon.cc(157)] Unable to set tooltip for status tray icon
[18116:0913/143337.882:WARNING:notify_icon.cc(157)] Unable to set tooltip for status tray icon
[18116:0913/143339.389:WARNING:notify_icon.cc(157)] Unable to set tooltip for status tray icon
[18116:0913/143340.894:WARNING:notify_icon.cc(157)] Unable to set tooltip for status tray icon
[18116:0913/143342.400:WARNING:notify_icon.cc(157)] Unable to set tooltip for status tray icon
[18116:0913/143343.911:WARNING:notify_icon.cc(157)] Unable to set tooltip for status tray icon
[18116:0913/143345.423:WARNING:notify_icon.cc(157)] Unable to set tooltip for status tray icon
[18116:0913/143346.942:WARNING:notify_icon.cc(157)] Unable to set tooltip for status tray icon
[18116:0913/143348.456:WARNING:notify_icon.cc(157)] Unable to set tooltip for status tray icon
[18116:0913/143349.958:WARNING:notify_icon.cc(157)] Unable to set tooltip for status tray icon
[18116:0913/143351.470:WARNING:notify_icon.cc(157)] Unable to set tooltip for status tray icon
[18116:0913/143352.971:WARNING:notify_icon.cc(157)] Unable to set tooltip for status tray icon
[18116:0913/143354.485:WARNING:notify_icon.cc(157)] Unable to set tooltip for status tray icon
[18116:0913/143356.000:WARNING:notify_icon.cc(157)] Unable to set tooltip for status tray icon
[18116:0913/143357.504:WARNING:notify_icon.cc(157)] Unable to set tooltip for status tray icon
[18116:0913/143359.008:WARNING:notify_icon.cc(157)] Unable to set tooltip for status tray icon
[18116:0913/143400.516:WARNING:notify_icon.cc(157)] Unable to set tooltip for status tray icon
